checking build system type... x86_64-pc-linux-gnu
checking host system type... i586-pc-msdosdjgpp
checking target system type... i586-pc-msdosdjgpp
checking for a BSD-compatible install... /usr/bin/install -c
checking whether build environment is sane... yes
checking for i586-pc-msdosdjgpp-strip... i586-pc-msdosdjgpp-strip
checking for a race-free mkdir -p... /usr/bin/mkdir -p
checking for gawk... gawk
checking whether make sets $(MAKE)... yes
checking whether make supports nested variables... yes
checking whether to enable maintainer-specific portions of Makefiles... no
checking for gawk... (cached) gawk
checking for i586-pc-msdosdjgpp-gcc... gcc
checking whether the C compiler works... yes
checking for C compiler default output file name... a.out
checking for suffix of executables... 
checking whether we are cross compiling... no
checking for suffix of object files... o
checking whether the compiler supports GNU C... yes
checking whether gcc accepts -g... yes
checking for gcc option to enable C11 features... none needed
checking whether gcc understands -c and -o together... yes
checking whether make supports the include directive... yes (GNU style)
checking dependency style of gcc... gcc3
checking how to run the C preprocessor... gcc -E
checking whether ln -s works... yes
checking for i586-pc-msdosdjgpp-ranlib... i586-pc-msdosdjgpp-ranlib
checking for i586-pc-msdosdjgpp-ar... i586-pc-msdosdjgpp-ar
checking for i586-pc-msdosdjgpp-ld... i586-pc-msdosdjgpp-ld
checking for i586-pc-msdosdjgpp-nm... i586-pc-msdosdjgpp-nm
checking for i586-pc-msdosdjgpp-objcopy... i586-pc-msdosdjgpp-objcopy
checking for uname... uname
checking for strerror in -lcposix... no
checking for stdio.h... yes
checking for stdlib.h... yes
checking for string.h... yes
checking for inttypes.h... yes
checking for stdint.h... yes
checking for strings.h... yes
checking for sys/stat.h... yes
checking for sys/types.h... yes
checking for unistd.h... yes
checking for sys/param.h... yes
checking for sys/time.h... yes
checking for grep that handles long lines and -e... /usr/bin/grep
checking for egrep... /usr/bin/grep -E
checking for an ANSI C-conforming const... yes
checking for inline... inline
checking for off_t... yes
checking for size_t... yes
checking for working alloca.h... yes
checking for alloca... yes
checking for getpagesize... yes
checking for vprintf... yes
checking for working mmap... yes
checking whether we are using the GNU C Library 2.1 or newer... yes
checking for ld used by GCC... i586-pc-msdosdjgpp-ld
checking if the linker (i586-pc-msdosdjgpp-ld) is GNU ld... yes
checking for shared library run path origin... done
checking for argz.h... yes
checking for limits.h... yes
checking for locale.h... yes
checking for nl_types.h... yes
checking for malloc.h... yes
checking for stddef.h... yes
checking for stdlib.h... (cached) yes
checking for string.h... (cached) yes
checking for unistd.h... (cached) yes
checking for sys/param.h... (cached) yes
checking for feof_unlocked... yes
checking for fgets_unlocked... yes
checking for getcwd... yes
checking for getegid... yes
checking for geteuid... yes
checking for getgid... yes
checking for getuid... yes
checking for mempcpy... yes
checking for munmap... yes
checking for putenv... yes
checking for setenv... yes
checking for setlocale... yes
checking for stpcpy... yes
checking for strchr... yes
checking for strcasecmp... yes
checking for strdup... yes
checking for strtoul... yes
checking for tsearch... yes
checking for __argz_count... yes
checking for __argz_stringify... yes
checking for __argz_next... yes
checking for iconv... yes
checking for iconv declaration... 
         extern size_t iconv (iconv_t cd, char * *inbuf, size_t *inbytesleft, char * *outbuf, size_t *outbytesleft);
checking for nl_langinfo and CODESET... yes
checking for LC_MESSAGES... yes
checking whether NLS is requested... no
checking for bison... bison
checking version of bison... 3.8.2, ok
checking for iconv... (cached) yes
checking for iconv declaration... (cached) 
         extern size_t iconv (iconv_t cd, char * *inbuf, size_t *inbytesleft, char * *outbuf, size_t *outbytesleft);
checking for libcharset... no
checking for nl_langinfo and CODESET... (cached) yes
configure: error: dos-vbe requires a DJGPP compiler
