INIT RTCHECK separate DOS runtime diagnostic started
INFO GUI production fatal readiness gate unchanged
INFO UNTESTED: production GUI, graphics/VBE/video mapping, devices
PASS DOS: real-mode INT 21h AX=3000 query
INFO DOS reported version 6.22
PASS DOS: required reported version is 6.22
PASS DPMI: INT 31h AX=0400 version query
INFO DPMI version 0.90 flags=0x0005 CPU=5 PIC=8/112
PASS DPMI: host supports 32-bit applications on 386+
PASS MEMORY: 32-bit pointer and word ABI
PASS MEMORY: allocate 1 MiB protected-mode heap
PASS MEMORY: all 1 MiB read/written and heap released
PASS TRANSFER: DPMI allocate conventional DOS buffer
INFO TRANSFER segment=0x2701 selector=0x00c7 bytes=512
PASS TRANSFER: dosmemput/dosmemget roundtrip all 512 bytes
PASS TRANSFER: DPMI conventional buffer released
INFO DATA runtime-test fixture lookup: c:\freeciv\data\missing.dat
FAIL DATA: cannot read runtime-test fixture: No such file or directory (ENOENT)
FAIL RTCHECK initialization; no READY and no keyboard wait
EXIT FAILURE
