DOS VBE: BIOS mode 0x0114, 800x600x16, pitch 1600, RGB565 LFB 0xfd000000 initialized.
DOS VBE client: gui_server_connect() stubbed.
READY real pregame join/packet bridge; no game start
INPUT mouse=1 width=800
EVENT type=0 ascii=0 scan=59 mods=0 x=0 y=0 pressed=0
COMMAND HELP
EVENT type=0 ascii=27 scan=1 mods=0 x=0 y=0 pressed=0
EVENT type=0 ascii=0 scan=61 mods=0 x=0 y=0 pressed=0
COMMAND MENU
EVENT type=0 ascii=13 scan=28 mods=0 x=0 y=0 pressed=0
COMMAND SELECT_TILE
PASS rejected unavailable order
EVENT type=0 ascii=27 scan=1 mods=0 x=0 y=0 pressed=0
EVENT type=0 ascii=113 scan=16 mods=0 x=0 y=0 pressed=0
EVENT type=0 ascii=9 scan=15 mods=0 x=0 y=0 pressed=0
EVENT type=0 ascii=13 scan=28 mods=0 x=0 y=0 pressed=0
PASS confirmed quit at safe boundary
LOOP ticks=561 events=8 dispatch=8 idle=553 timers=16 packets=560 yields=1121
DOS VBE client: gui_server_connect() stubbed.
PASS persistent event loop returned after explicit confirmed quit
EXIT SUCCESS
