DOS VBE: BIOS mode 0x0111, 640x480x16, pitch 1280, RGB565 LFB 0xfd000000 initialized.
DOS input: no INT 33h mouse driver; keyboard-only input.
FIXTURE initializing from DATA path: c:\freeciv\gfx8;
FIXTURE loaded ruleset TERRAIN.RUL from c:\freeciv\gfx8/TERRAIN.RUL
FIXTURE loaded ruleset UNITS.RUL from c:\freeciv\gfx8/UNITS.RUL
FIXTURE loaded ruleset GOVERN.RUL from c:\freeciv\gfx8/GOVERN.RUL
FIXTURE loaded ruleset TECHS.RUL from c:\freeciv\gfx8/TECHS.RUL
FIXTURE reading default Trident tilespec; staged lookup uses RESMAP.TXT/TRIDENT.TSP
FIXTURE loading Trident specs and atlases
SCENE actual game/map/list/idex; Trident 30x30; 2 players, 4 units, 4 cities
SCENE HUD: Roman player  Year 3500 BC  Despotism
Gold 123  Tax 40% Lux 10% Sci 50%
Research Alphabet (17 bulbs)
Tile 5,9: Grassland [visible]
Warriors (Roman player) HP 8/10 MP 1/1 Moves: 1 veteran
City Rome size 7 owner Roman player
Turn ACTIVE  Timeout 42
SCENE framebuffer 640x480 RGB565 FNV1a 19f551b0 (visible pixels, no pitch padding)
READY actual-state map input fixture; no authoritative gameplay
INPUT mouse=0 width=640
EVENT type=0 ascii=0 scan=77 mods=0 x=0 y=0 pressed=0 buttons=0 released=0
NAV tile=6,9 focus=7,9
EVENT type=0 ascii=0 scan=77 mods=0 x=0 y=0 pressed=0 buttons=0 released=0
NAV tile=7,9 focus=7,9
EVENT type=0 ascii=0 scan=80 mods=0 x=0 y=0 pressed=0 buttons=0 released=0
NAV tile=7,10 focus=7,9
EVENT type=0 ascii=0 scan=80 mods=0 x=0 y=0 pressed=0 buttons=0 released=0
NAV tile=7,11 focus=7,9
EVENT type=0 ascii=52 scan=75 mods=1 x=0 y=0 pressed=0 buttons=0 released=0
NAV tile=7,11 focus=7,9
EVENT type=0 ascii=52 scan=75 mods=1 x=0 y=0 pressed=0 buttons=0 released=0
NAV tile=7,11 focus=7,9
EVENT type=0 ascii=0 scan=116 mods=2 x=0 y=0 pressed=0 buttons=0 released=0
COMMAND MOVE_EAST
PASS rejected unavailable order
EVENT type=0 ascii=0 scan=116 mods=2 x=0 y=0 pressed=0 buttons=0 released=0
COMMAND MOVE_EAST
PASS rejected unavailable order
EVENT type=0 ascii=0 scan=141 mods=2 x=0 y=0 pressed=0 buttons=0 released=0
COMMAND MOVE_NORTH
PASS rejected unavailable order
EVENT type=0 ascii=0 scan=141 mods=2 x=0 y=0 pressed=0 buttons=0 released=0
COMMAND MOVE_NORTH
PASS rejected unavailable order
EVENT type=0 ascii=0 scan=79 mods=0 x=0 y=0 pressed=0 buttons=0 released=0
COMMAND MOVE_SOUTH_WEST
PASS rejected unavailable order
EVENT type=0 ascii=0 scan=73 mods=0 x=0 y=0 pressed=0 buttons=0 released=0
COMMAND MOVE_NORTH_EAST
PASS rejected unavailable order
EVENT type=0 ascii=72 scan=35 mods=1 x=0 y=0 pressed=0 buttons=0 released=0
COMMAND HELP
EVENT type=0 ascii=27 scan=1 mods=0 x=0 y=0 pressed=0 buttons=0 released=0
DIALOG kind=2 action=-2 focus=0
EVENT type=0 ascii=80 scan=25 mods=0 x=0 y=0 pressed=0 buttons=0 released=0
COMMAND OPTIONS
EVENT type=0 ascii=0 scan=71 mods=0 x=0 y=0 pressed=0 buttons=0 released=0
EVENT type=0 ascii=0 scan=71 mods=0 x=0 y=0 pressed=0 buttons=0 released=0
EVENT type=0 ascii=0 scan=83 mods=0 x=0 y=0 pressed=0 buttons=0 released=0
EVENT type=0 ascii=0 scan=83 mods=0 x=0 y=0 pressed=0 buttons=0 released=0
EVENT type=0 ascii=0 scan=83 mods=0 x=0 y=0 pressed=0 buttons=0 released=0
EVENT type=0 ascii=0 scan=83 mods=0 x=0 y=0 pressed=0 buttons=0 released=0
EVENT type=0 ascii=0 scan=83 mods=0 x=0 y=0 pressed=0 buttons=0 released=0
EVENT type=0 ascii=0 scan=83 mods=0 x=0 y=0 pressed=0 buttons=0 released=0
EVENT type=0 ascii=0 scan=83 mods=0 x=0 y=0 pressed=0 buttons=0 released=0
EVENT type=0 ascii=0 scan=83 mods=0 x=0 y=0 pressed=0 buttons=0 released=0
EVENT type=0 ascii=0 scan=83 mods=0 x=0 y=0 pressed=0 buttons=0 released=0
EVENT type=0 ascii=0 scan=83 mods=0 x=0 y=0 pressed=0 buttons=0 released=0
EVENT type=0 ascii=0 scan=83 mods=0 x=0 y=0 pressed=0 buttons=0 released=0
EVENT type=0 ascii=0 scan=83 mods=0 x=0 y=0 pressed=0 buttons=0 released=0
EVENT type=0 ascii=0 scan=83 mods=0 x=0 y=0 pressed=0 buttons=0 released=0
EVENT type=0 ascii=0 scan=83 mods=0 x=0 y=0 pressed=0 buttons=0 released=0
EVENT type=0 ascii=0 scan=83 mods=0 x=0 y=0 pressed=0 buttons=0 released=0
EVENT type=0 ascii=0 scan=83 mods=0 x=0 y=0 pressed=0 buttons=0 released=0
EVENT type=0 ascii=68 scan=32 mods=0 x=0 y=0 pressed=0 buttons=0 released=0
EVENT type=0 ascii=79 scan=24 mods=0 x=0 y=0 pressed=0 buttons=0 released=0
EVENT type=0 ascii=83 scan=31 mods=1 x=0 y=0 pressed=0 buttons=0 released=0
EVENT type=0 ascii=55 scan=8 mods=0 x=0 y=0 pressed=0 buttons=0 released=0
EVENT type=0 ascii=9 scan=15 mods=0 x=0 y=0 pressed=0 buttons=0 released=0
EVENT type=0 ascii=0 scan=80 mods=0 x=0 y=0 pressed=0 buttons=0 released=0
EVENT type=0 ascii=0 scan=80 mods=0 x=0 y=0 pressed=0 buttons=0 released=0
EVENT type=0 ascii=0 scan=80 mods=0 x=0 y=0 pressed=0 buttons=0 released=0
EVENT type=0 ascii=0 scan=80 mods=0 x=0 y=0 pressed=0 buttons=0 released=0
EVENT type=0 ascii=9 scan=15 mods=0 x=0 y=0 pressed=0 buttons=0 released=0
EVENT type=0 ascii=13 scan=28 mods=0 x=0 y=0 pressed=0 buttons=0 released=0
DIALOG kind=3 action=7 focus=2
PASS options name=DOS7 scroll=5
EVENT type=0 ascii=77 scan=50 mods=0 x=0 y=0 pressed=0 buttons=0 released=0
COMMAND MENU
EVENT type=0 ascii=0 scan=79 mods=0 x=0 y=0 pressed=0 buttons=0 released=0
EVENT type=0 ascii=0 scan=79 mods=0 x=0 y=0 pressed=0 buttons=0 released=0
EVENT type=0 ascii=0 scan=71 mods=0 x=0 y=0 pressed=0 buttons=0 released=0
EVENT type=0 ascii=0 scan=71 mods=0 x=0 y=0 pressed=0 buttons=0 released=0
EVENT type=0 ascii=0 scan=81 mods=0 x=0 y=0 pressed=0 buttons=0 released=0
EVENT type=0 ascii=0 scan=81 mods=0 x=0 y=0 pressed=0 buttons=0 released=0
EVENT type=0 ascii=0 scan=73 mods=0 x=0 y=0 pressed=0 buttons=0 released=0
EVENT type=0 ascii=0 scan=73 mods=0 x=0 y=0 pressed=0 buttons=0 released=0
EVENT type=0 ascii=13 scan=28 mods=0 x=0 y=0 pressed=0 buttons=0 released=0
DIALOG kind=4 action=8 focus=0
COMMAND SELECT_TILE
PASS rejected unavailable order
EVENT type=0 ascii=75 scan=37 mods=0 x=0 y=0 pressed=0 buttons=0 released=0
COMMAND NONE
EVENT type=0 ascii=113 scan=16 mods=0 x=0 y=0 pressed=0 buttons=0 released=0
COMMAND QUIT
EVENT type=0 ascii=13 scan=28 mods=0 x=0 y=0 pressed=0 buttons=0 released=0
DIALOG kind=5 action=1 focus=0
EVENT type=0 ascii=113 scan=16 mods=0 x=0 y=0 pressed=0 buttons=0 released=0
COMMAND QUIT
EVENT type=0 ascii=9 scan=15 mods=0 x=0 y=0 pressed=0 buttons=0 released=0
EVENT type=0 ascii=13 scan=28 mods=0 x=0 y=0 pressed=0 buttons=0 released=0
DIALOG kind=5 action=6 focus=1
PASS confirmed quit at safe boundary
LOOP ticks=105 events=60 dispatch=60 idle=65 timers=13 packets=0 yields=0
PASS persistent event loop returned after explicit confirmed quit
EXIT SUCCESS
