DOS VBE: BIOS mode 0x0114, 800x600x16, pitch 1600, RGB565 LFB 0xfd000000 initialized.
FIXTURE initializing from DATA path: c:\freeciv\gfx8;
FIXTURE loaded ruleset TERRAIN.RUL from c:\freeciv\gfx8/TERRAIN.RUL
FIXTURE loaded ruleset UNITS.RUL from c:\freeciv\gfx8/UNITS.RUL
FIXTURE loaded ruleset GOVERN.RUL from c:\freeciv\gfx8/GOVERN.RUL
FIXTURE loaded ruleset TECHS.RUL from c:\freeciv\gfx8/TECHS.RUL
FIXTURE reading default Trident tilespec; staged lookup uses RESMAP.TXT/TRIDENT.TSP
FIXTURE loading Trident specs and atlases
SCENE actual game/map/list/idex; Trident 30x30; 2 players, 4 units, 4 cities
SCENE HUD: Roman player  Year 3500 BC  Despotism
Gold 123  Tax 40% Lux 10% Sci 50%
Research Alphabet (17 bulbs)
Tile 5,9: Grassland [visible]
Warriors (Roman player) HP 8/10 MP 1/1 Moves: 1 veteran
City Rome size 7 owner Roman player
Turn ACTIVE  Timeout 42
SCENE framebuffer 800x600 RGB565 FNV1a 3491c88f (visible pixels, no pitch padding)
READY actual-state map input fixture; no authoritative gameplay
INPUT mouse=1 width=800
EVENT type=0 ascii=0 scan=60 mods=0 x=0 y=0 pressed=0 buttons=0 released=0
COMMAND OPTIONS
EVENT type=1 ascii=0 scan=0 mods=0 x=400 y=300 pressed=1 buttons=0 released=1
EVENT type=0 ascii=0 scan=15 mods=1 x=0 y=0 pressed=0 buttons=0 released=0
EVENT type=0 ascii=77 scan=50 mods=0 x=0 y=0 pressed=0 buttons=0 released=0
EVENT type=0 ascii=111 scan=24 mods=0 x=0 y=0 pressed=0 buttons=0 released=0
EVENT type=0 ascii=117 scan=22 mods=0 x=0 y=0 pressed=0 buttons=0 released=0
EVENT type=0 ascii=115 scan=31 mods=0 x=0 y=0 pressed=0 buttons=0 released=0
EVENT type=0 ascii=101 scan=18 mods=0 x=0 y=0 pressed=0 buttons=0 released=0
EVENT type=0 ascii=9 scan=15 mods=0 x=0 y=0 pressed=0 buttons=0 released=0
EVENT type=0 ascii=9 scan=15 mods=0 x=0 y=0 pressed=0 buttons=0 released=0
EVENT type=0 ascii=13 scan=28 mods=0 x=0 y=0 pressed=0 buttons=0 released=0
DIALOG kind=3 action=7 focus=2
PASS options name=Mouse scroll=3
EVENT type=0 ascii=0 scan=60 mods=0 x=0 y=0 pressed=0 buttons=0 released=0
COMMAND OPTIONS
EVENT type=1 ascii=0 scan=0 mods=0 x=400 y=240 pressed=0 buttons=0 released=0
EVENT type=0 ascii=0 scan=79 mods=0 x=0 y=0 pressed=0 buttons=0 released=0
EVENT type=1 ascii=0 scan=0 mods=0 x=400 y=240 pressed=1 buttons=0 released=1
EVENT type=0 ascii=0 scan=79 mods=0 x=0 y=0 pressed=0 buttons=0 released=0
EVENT type=0 ascii=55 scan=8 mods=0 x=0 y=0 pressed=0 buttons=0 released=0
EVENT type=0 ascii=9 scan=15 mods=0 x=0 y=0 pressed=0 buttons=0 released=0
EVENT type=0 ascii=9 scan=15 mods=0 x=0 y=0 pressed=0 buttons=0 released=0
EVENT type=0 ascii=13 scan=28 mods=0 x=0 y=0 pressed=0 buttons=0 released=0
DIALOG kind=3 action=7 focus=2
PASS options name=Mouse7 scroll=3
EVENT type=0 ascii=113 scan=16 mods=0 x=0 y=0 pressed=0 buttons=0 released=0
COMMAND QUIT
EVENT type=0 ascii=9 scan=15 mods=0 x=0 y=0 pressed=0 buttons=0 released=0
EVENT type=0 ascii=13 scan=28 mods=0 x=0 y=0 pressed=0 buttons=0 released=0
DIALOG kind=5 action=6 focus=1
PASS confirmed quit at safe boundary
LOOP ticks=72 events=23 dispatch=23 idle=51 timers=11 packets=0 yields=0
PASS persistent event loop returned after explicit confirmed quit
EXIT SUCCESS
