DOS VBE: BIOS mode 0x0114, 800x600x16, pitch 1600, RGB565 LFB 0xfd000000 initialized.
READY real pregame join/packet bridge; no game start
INPUT mouse=1 width=800
EVENT type=0 ascii=0 scan=59 mods=0 x=0 y=0 pressed=0 buttons=0 released=0
COMMAND HELP
EVENT type=0 ascii=27 scan=1 mods=0 x=0 y=0 pressed=0 buttons=0 released=0
DIALOG kind=2 action=-2 focus=0
EVENT type=0 ascii=0 scan=60 mods=0 x=0 y=0 pressed=0 buttons=0 released=0
COMMAND OPTIONS
EVENT type=0 ascii=0 scan=71 mods=0 x=0 y=0 pressed=0 buttons=0 released=0
EVENT type=0 ascii=0 scan=71 mods=0 x=0 y=0 pressed=0 buttons=0 released=0
EVENT type=0 ascii=0 scan=83 mods=0 x=0 y=0 pressed=0 buttons=0 released=0
EVENT type=0 ascii=0 scan=83 mods=0 x=0 y=0 pressed=0 buttons=0 released=0
EVENT type=0 ascii=0 scan=83 mods=0 x=0 y=0 pressed=0 buttons=0 released=0
EVENT type=0 ascii=0 scan=83 mods=0 x=0 y=0 pressed=0 buttons=0 released=0
EVENT type=0 ascii=0 scan=83 mods=0 x=0 y=0 pressed=0 buttons=0 released=0
EVENT type=0 ascii=0 scan=83 mods=0 x=0 y=0 pressed=0 buttons=0 released=0
EVENT type=0 ascii=0 scan=83 mods=0 x=0 y=0 pressed=0 buttons=0 released=0
EVENT type=0 ascii=0 scan=83 mods=0 x=0 y=0 pressed=0 buttons=0 released=0
EVENT type=0 ascii=0 scan=83 mods=0 x=0 y=0 pressed=0 buttons=0 released=0
EVENT type=0 ascii=0 scan=83 mods=0 x=0 y=0 pressed=0 buttons=0 released=0
EVENT type=0 ascii=0 scan=83 mods=0 x=0 y=0 pressed=0 buttons=0 released=0
EVENT type=0 ascii=0 scan=83 mods=0 x=0 y=0 pressed=0 buttons=0 released=0
EVENT type=0 ascii=0 scan=83 mods=0 x=0 y=0 pressed=0 buttons=0 released=0
EVENT type=0 ascii=0 scan=83 mods=0 x=0 y=0 pressed=0 buttons=0 released=0
EVENT type=0 ascii=65 scan=30 mods=0 x=0 y=0 pressed=0 buttons=0 released=0
EVENT type=0 ascii=73 scan=23 mods=1 x=0 y=0 pressed=0 buttons=0 released=0
EVENT type=0 ascii=9 scan=15 mods=0 x=0 y=0 pressed=0 buttons=0 released=0
EVENT type=0 ascii=0 scan=80 mods=0 x=0 y=0 pressed=0 buttons=0 released=0
EVENT type=0 ascii=0 scan=80 mods=0 x=0 y=0 pressed=0 buttons=0 released=0
EVENT type=0 ascii=9 scan=15 mods=0 x=0 y=0 pressed=0 buttons=0 released=0
EVENT type=0 ascii=13 scan=28 mods=0 x=0 y=0 pressed=0 buttons=0 released=0
DIALOG kind=3 action=7 focus=2
PASS options name=AI scroll=5
EVENT type=0 ascii=0 scan=61 mods=0 x=0 y=0 pressed=0 buttons=0 released=0
COMMAND MENU
EVENT type=0 ascii=0 scan=80 mods=0 x=0 y=0 pressed=0 buttons=0 released=0
EVENT type=0 ascii=0 scan=80 mods=0 x=0 y=0 pressed=0 buttons=0 released=0
EVENT type=0 ascii=13 scan=28 mods=0 x=0 y=0 pressed=0 buttons=0 released=0
DIALOG kind=4 action=8 focus=0
COMMAND WAIT_UNIT
PASS rejected unavailable order
EVENT type=0 ascii=113 scan=16 mods=0 x=0 y=0 pressed=0 buttons=0 released=0
COMMAND QUIT
EVENT type=0 ascii=13 scan=28 mods=0 x=0 y=0 pressed=0 buttons=0 released=0
DIALOG kind=5 action=1 focus=0
EVENT type=0 ascii=113 scan=16 mods=0 x=0 y=0 pressed=0 buttons=0 released=0
COMMAND QUIT
EVENT type=0 ascii=9 scan=15 mods=0 x=0 y=0 pressed=0 buttons=0 released=0
EVENT type=0 ascii=13 scan=28 mods=0 x=0 y=0 pressed=0 buttons=0 released=0
DIALOG kind=5 action=6 focus=1
PASS confirmed quit at safe boundary
LOOP ticks=98 events=35 dispatch=35 idle=75 timers=15 packets=97 yields=195
FAIL join reply/client pregame state not established
EXIT FAILURE
