aclocal: warning: autoconf input should be named 'configure.ac', not 'configure.in'
aclocal: warning: 'configure.ac' and 'configure.in' both present.
aclocal: proceeding with 'configure.ac'
acinclude.m4:400: warning: underquoted definition of FC_DEBUG
acinclude.m4:400:   run info Automake 'Extending aclocal'
acinclude.m4:400:   or see https://www.gnu.org/software/automake/manual/automake.html#Extending-aclocal
acinclude.m4:625: warning: the serial number must appear before any macro definition
acinclude.m4:1214: warning: the serial number must appear before any macro definition
acinclude.m4:1617: warning: the serial number must appear before any macro definition
acinclude.m4:2436: warning: the serial number must appear before any macro definition
acinclude.m4:2466: warning: the serial number must appear before any macro definition
acinclude.m4:3296: warning: ill-formed serial number 'AM1', expecting a version string with only digits and dots
acinclude.m4:3385: warning: the serial number must appear before any macro definition
configure.ac:41: warning: AM_INIT_AUTOMAKE: two- and three-arguments forms are deprecated.
./lib/autoconf/general.m4:2434: AC_DIAGNOSE is expanded from...
aclocal.m4:429: AM_INIT_AUTOMAKE is expanded from...
configure.ac:41: the top level
configure.ac:153: warning: The macro `AC_HEADER_STDC' is obsolete.
configure.ac:153: You should run autoupdate.
./lib/autoconf/headers.m4:704: AC_HEADER_STDC is expanded from...
acinclude.m4:909: AM_GNU_GETTEXT is expanded from...
configure.ac:153: the top level
configure.ac:153: warning: The macro `AC_TRY_LINK' is obsolete.
configure.ac:153: You should run autoupdate.
./lib/autoconf/general.m4:2920: AC_TRY_LINK is expanded from...
lib/m4sugar/m4sh.m4:692: _AS_IF_ELSE is expanded from...
lib/m4sugar/m4sh.m4:699: AS_IF is expanded from...
./lib/autoconf/general.m4:2249: AC_CACHE_VAL is expanded from...
./lib/autoconf/general.m4:2270: AC_CACHE_CHECK is expanded from...
acinclude.m4:2053: AM_ICONV_LINK is expanded from...
acinclude.m4:2108: AM_ICONV is expanded from...
acinclude.m4:909: AM_GNU_GETTEXT is expanded from...
configure.ac:153: the top level
configure.ac:153: warning: The macro `AC_TRY_COMPILE' is obsolete.
configure.ac:153: You should run autoupdate.
./lib/autoconf/general.m4:2847: AC_TRY_COMPILE is expanded from...
lib/m4sugar/m4sh.m4:692: _AS_IF_ELSE is expanded from...
lib/m4sugar/m4sh.m4:699: AS_IF is expanded from...
./lib/autoconf/general.m4:2249: AC_CACHE_VAL is expanded from...
acinclude.m4:2108: AM_ICONV is expanded from...
acinclude.m4:909: AM_GNU_GETTEXT is expanded from...
configure.ac:153: the top level
configure.ac:153: warning: The macro `AC_TRY_LINK' is obsolete.
configure.ac:153: You should run autoupdate.
./lib/autoconf/general.m4:2920: AC_TRY_LINK is expanded from...
lib/m4sugar/m4sh.m4:692: _AS_IF_ELSE is expanded from...
lib/m4sugar/m4sh.m4:699: AS_IF is expanded from...
./lib/autoconf/general.m4:2249: AC_CACHE_VAL is expanded from...
./lib/autoconf/general.m4:2270: AC_CACHE_CHECK is expanded from...
acinclude.m4:3299: AM_LANGINFO_CODESET is expanded from...
acinclude.m4:909: AM_GNU_GETTEXT is expanded from...
configure.ac:153: the top level
configure.ac:153: warning: The macro `AC_TRY_LINK' is obsolete.
configure.ac:153: You should run autoupdate.
./lib/autoconf/general.m4:2920: AC_TRY_LINK is expanded from...
lib/m4sugar/m4sh.m4:692: _AS_IF_ELSE is expanded from...
lib/m4sugar/m4sh.m4:699: AS_IF is expanded from...
./lib/autoconf/general.m4:2249: AC_CACHE_VAL is expanded from...
./lib/autoconf/general.m4:2270: AC_CACHE_CHECK is expanded from...
acinclude.m4:2468: AM_LC_MESSAGES is expanded from...
acinclude.m4:909: AM_GNU_GETTEXT is expanded from...
configure.ac:153: the top level
configure.ac:153: warning: The macro `AC_TRY_LINK' is obsolete.
configure.ac:153: You should run autoupdate.
./lib/autoconf/general.m4:2920: AC_TRY_LINK is expanded from...
lib/m4sugar/m4sh.m4:692: _AS_IF_ELSE is expanded from...
lib/m4sugar/m4sh.m4:699: AS_IF is expanded from...
./lib/autoconf/general.m4:2249: AC_CACHE_VAL is expanded from...
./lib/autoconf/general.m4:2270: AC_CACHE_CHECK is expanded from...
lib/m4sugar/m4sh.m4:699: AS_IF is expanded from...
./lib/autoconf/headers.m4:89: _AC_CHECK_HEADER_COMPILE is expanded from...
./lib/autoconf/headers.m4:56: AC_CHECK_HEADER is expanded from...
acinclude.m4:655: AM_WITH_NLS is expanded from...
acinclude.m4:909: AM_GNU_GETTEXT is expanded from...
configure.ac:153: the top level
configure.ac:153: warning: The macro `AC_OUTPUT_COMMANDS' is obsolete.
configure.ac:153: You should run autoupdate.
./lib/autoconf/status.m4:1025: AC_OUTPUT_COMMANDS is expanded from...
acinclude.m4:655: AM_WITH_NLS is expanded from...
acinclude.m4:909: AM_GNU_GETTEXT is expanded from...
configure.ac:153: the top level
configure.ac:166: warning: The macro `AC_TRY_RUN' is obsolete.
configure.ac:166: You should run autoupdate.
./lib/autoconf/general.m4:2997: AC_TRY_RUN is expanded from...
acinclude.m4:3335: FC_CHECK_NGETTEXT_RUNTIME is expanded from...
lib/m4sugar/m4sh.m4:699: AS_IF is expanded from...
./lib/autoconf/libs.m4:100: AC_CHECK_LIB is expanded from...
configure.ac:166: the top level
configure.ac:171: warning: The macro `AC_TRY_RUN' is obsolete.
configure.ac:171: You should run autoupdate.
./lib/autoconf/general.m4:2997: AC_TRY_RUN is expanded from...
acinclude.m4:3335: FC_CHECK_NGETTEXT_RUNTIME is expanded from...
lib/m4sugar/m4sh.m4:699: AS_IF is expanded from...
./lib/autoconf/libs.m4:100: AC_CHECK_LIB is expanded from...
configure.ac:171: the top level
configure.ac:185: warning: The macro `AC_TRY_RUN' is obsolete.
configure.ac:185: You should run autoupdate.
./lib/autoconf/general.m4:2997: AC_TRY_RUN is expanded from...
configure.ac:185: the top level
configure.ac:220: warning: The macro `AC_TRY_RUN' is obsolete.
configure.ac:220: You should run autoupdate.
./lib/autoconf/general.m4:2997: AC_TRY_RUN is expanded from...
configure.ac:220: the top level
configure.ac:288: warning: AC_MINGW32 is obsolete: use AC_CANONICAL_HOST and $host_os
./lib/autoconf/general.m4:2434: AC_DIAGNOSE is expanded from...
configure.ac:288: the top level
configure.ac:322: warning: The macro `AC_TRY_LINK' is obsolete.
configure.ac:322: You should run autoupdate.
./lib/autoconf/general.m4:2920: AC_TRY_LINK is expanded from...
lib/m4sugar/m4sh.m4:692: _AS_IF_ELSE is expanded from...
lib/m4sugar/m4sh.m4:699: AS_IF is expanded from...
./lib/autoconf/general.m4:2249: AC_CACHE_VAL is expanded from...
./lib/autoconf/general.m4:2270: AC_CACHE_CHECK is expanded from...
acinclude.m4:2053: AM_ICONV_LINK is expanded from...
acinclude.m4:2108: AM_ICONV is expanded from...
configure.ac:322: the top level
configure.ac:322: warning: The macro `AC_TRY_COMPILE' is obsolete.
configure.ac:322: You should run autoupdate.
./lib/autoconf/general.m4:2847: AC_TRY_COMPILE is expanded from...
lib/m4sugar/m4sh.m4:692: _AS_IF_ELSE is expanded from...
lib/m4sugar/m4sh.m4:699: AS_IF is expanded from...
./lib/autoconf/general.m4:2249: AC_CACHE_VAL is expanded from...
acinclude.m4:2108: AM_ICONV is expanded from...
configure.ac:322: the top level
configure.ac:324: warning: The macro `AC_TRY_LINK' is obsolete.
configure.ac:324: You should run autoupdate.
./lib/autoconf/general.m4:2920: AC_TRY_LINK is expanded from...
lib/m4sugar/m4sh.m4:692: _AS_IF_ELSE is expanded from...
lib/m4sugar/m4sh.m4:699: AS_IF is expanded from...
./lib/autoconf/general.m4:2249: AC_CACHE_VAL is expanded from...
./lib/autoconf/general.m4:2270: AC_CACHE_CHECK is expanded from...
acinclude.m4:3312: AM_LIBCHARSET is expanded from...
configure.ac:324: the top level
configure.ac:325: warning: The macro `AC_TRY_LINK' is obsolete.
configure.ac:325: You should run autoupdate.
./lib/autoconf/general.m4:2920: AC_TRY_LINK is expanded from...
lib/m4sugar/m4sh.m4:692: _AS_IF_ELSE is expanded from...
lib/m4sugar/m4sh.m4:699: AS_IF is expanded from...
./lib/autoconf/general.m4:2249: AC_CACHE_VAL is expanded from...
./lib/autoconf/general.m4:2270: AC_CACHE_CHECK is expanded from...
acinclude.m4:3299: AM_LANGINFO_CODESET is expanded from...
configure.ac:325: the top level
configure.ac:344: warning: The macro `AC_TRY_RUN' is obsolete.
configure.ac:344: You should run autoupdate.
./lib/autoconf/general.m4:2997: AC_TRY_RUN is expanded from...
acinclude.m4:1649: AM_PATH_GTK_2_0 is expanded from...
configure.ac:344: the top level
configure.ac:344: warning: The macro `AC_TRY_LINK' is obsolete.
configure.ac:344: You should run autoupdate.
./lib/autoconf/general.m4:2920: AC_TRY_LINK is expanded from...
acinclude.m4:1649: AM_PATH_GTK_2_0 is expanded from...
configure.ac:344: the top level
configure.ac:364: warning: The macro `AC_TRY_RUN' is obsolete.
configure.ac:364: You should run autoupdate.
./lib/autoconf/general.m4:2997: AC_TRY_RUN is expanded from...
acinclude.m4:1844: AM_PATH_GTK is expanded from...
configure.ac:364: the top level
configure.ac:364: warning: The macro `AC_TRY_LINK' is obsolete.
configure.ac:364: You should run autoupdate.
./lib/autoconf/general.m4:2920: AC_TRY_LINK is expanded from...
acinclude.m4:1844: AM_PATH_GTK is expanded from...
configure.ac:364: the top level
configure.ac:366: warning: The macro `AC_TRY_RUN' is obsolete.
configure.ac:366: You should run autoupdate.
./lib/autoconf/general.m4:2997: AC_TRY_RUN is expanded from...
acinclude.m4:2301: AM_PATH_GDK_IMLIB is expanded from...
configure.ac:366: the top level
configure.ac:366: warning: The macro `AC_TRY_LINK' is obsolete.
configure.ac:366: You should run autoupdate.
./lib/autoconf/general.m4:2920: AC_TRY_LINK is expanded from...
acinclude.m4:2301: AM_PATH_GDK_IMLIB is expanded from...
configure.ac:366: the top level
configure.ac:387: warning: The macro `AC_LANG_C' is obsolete.
configure.ac:387: You should run autoupdate.
./lib/autoconf/c.m4:72: AC_LANG_C is expanded from...
acinclude.m4:4186: FC_CHECK_X_PROTO_FUNCPROTO_COMPILE is expanded from...
acinclude.m4:4092: FC_CHECK_X_PROTO_FETCH is expanded from...
acinclude.m4:4058: FC_CHECK_X_PROTO_DEFINE is expanded from...
configure.ac:387: the top level
configure.ac:387: warning: The macro `AC_TRY_COMPILE' is obsolete.
configure.ac:387: You should run autoupdate.
./lib/autoconf/general.m4:2847: AC_TRY_COMPILE is expanded from...
acinclude.m4:4186: FC_CHECK_X_PROTO_FUNCPROTO_COMPILE is expanded from...
acinclude.m4:4092: FC_CHECK_X_PROTO_FETCH is expanded from...
acinclude.m4:4058: FC_CHECK_X_PROTO_DEFINE is expanded from...
configure.ac:387: the top level
configure.ac:387: warning: The macro `AC_LANG_C' is obsolete.
configure.ac:387: You should run autoupdate.
./lib/autoconf/c.m4:72: AC_LANG_C is expanded from...
acinclude.m4:4231: FC_CHECK_X_PROTO_NARROWPROTO_WORKS is expanded from...
acinclude.m4:4092: FC_CHECK_X_PROTO_FETCH is expanded from...
acinclude.m4:4058: FC_CHECK_X_PROTO_DEFINE is expanded from...
configure.ac:387: the top level
configure.ac:387: warning: The macro `AC_TRY_RUN' is obsolete.
configure.ac:387: You should run autoupdate.
./lib/autoconf/general.m4:2997: AC_TRY_RUN is expanded from...
acinclude.m4:4231: FC_CHECK_X_PROTO_NARROWPROTO_WORKS is expanded from...
acinclude.m4:4092: FC_CHECK_X_PROTO_FETCH is expanded from...
acinclude.m4:4058: FC_CHECK_X_PROTO_DEFINE is expanded from...
configure.ac:387: the top level
configure.ac:422: warning: The macro `AC_TRY_LINK' is obsolete.
configure.ac:422: You should run autoupdate.
./lib/autoconf/general.m4:2920: AC_TRY_LINK is expanded from...
lib/m4sugar/m4sh.m4:692: _AS_IF_ELSE is expanded from...
lib/m4sugar/m4sh.m4:699: AS_IF is expanded from...
./lib/autoconf/general.m4:2249: AC_CACHE_VAL is expanded from...
acinclude.m4:3912: FC_CHECK_X_LIB is expanded from...
configure.ac:422: the top level
configure.ac:425: warning: The macro `AC_TRY_LINK' is obsolete.
configure.ac:425: You should run autoupdate.
./lib/autoconf/general.m4:2920: AC_TRY_LINK is expanded from...
lib/m4sugar/m4sh.m4:692: _AS_IF_ELSE is expanded from...
lib/m4sugar/m4sh.m4:699: AS_IF is expanded from...
./lib/autoconf/general.m4:2249: AC_CACHE_VAL is expanded from...
acinclude.m4:3912: FC_CHECK_X_LIB is expanded from...
configure.ac:425: the top level
configure.ac:432: warning: The macro `AC_TRY_LINK' is obsolete.
configure.ac:432: You should run autoupdate.
./lib/autoconf/general.m4:2920: AC_TRY_LINK is expanded from...
lib/m4sugar/m4sh.m4:692: _AS_IF_ELSE is expanded from...
lib/m4sugar/m4sh.m4:699: AS_IF is expanded from...
./lib/autoconf/general.m4:2249: AC_CACHE_VAL is expanded from...
acinclude.m4:3912: FC_CHECK_X_LIB is expanded from...
configure.ac:432: the top level
configure.ac:434: warning: The macro `AC_TRY_LINK' is obsolete.
configure.ac:434: You should run autoupdate.
./lib/autoconf/general.m4:2920: AC_TRY_LINK is expanded from...
lib/m4sugar/m4sh.m4:692: _AS_IF_ELSE is expanded from...
lib/m4sugar/m4sh.m4:699: AS_IF is expanded from...
./lib/autoconf/general.m4:2249: AC_CACHE_VAL is expanded from...
acinclude.m4:3912: FC_CHECK_X_LIB is expanded from...
configure.ac:434: the top level
configure.ac:436: warning: The macro `AC_TRY_LINK' is obsolete.
configure.ac:436: You should run autoupdate.
./lib/autoconf/general.m4:2920: AC_TRY_LINK is expanded from...
lib/m4sugar/m4sh.m4:692: _AS_IF_ELSE is expanded from...
lib/m4sugar/m4sh.m4:699: AS_IF is expanded from...
./lib/autoconf/general.m4:2249: AC_CACHE_VAL is expanded from...
acinclude.m4:3912: FC_CHECK_X_LIB is expanded from...
configure.ac:436: the top level
configure.ac:442: warning: The macro `AC_TRY_LINK' is obsolete.
configure.ac:442: You should run autoupdate.
./lib/autoconf/general.m4:2920: AC_TRY_LINK is expanded from...
lib/m4sugar/m4sh.m4:692: _AS_IF_ELSE is expanded from...
lib/m4sugar/m4sh.m4:699: AS_IF is expanded from...
./lib/autoconf/general.m4:2249: AC_CACHE_VAL is expanded from...
acinclude.m4:3912: FC_CHECK_X_LIB is expanded from...
configure.ac:442: the top level
configure.ac:444: warning: The macro `AC_TRY_LINK' is obsolete.
configure.ac:444: You should run autoupdate.
./lib/autoconf/general.m4:2920: AC_TRY_LINK is expanded from...
lib/m4sugar/m4sh.m4:692: _AS_IF_ELSE is expanded from...
lib/m4sugar/m4sh.m4:699: AS_IF is expanded from...
./lib/autoconf/general.m4:2249: AC_CACHE_VAL is expanded from...
acinclude.m4:3912: FC_CHECK_X_LIB is expanded from...
configure.ac:444: the top level
configure.ac:446: warning: The macro `AC_TRY_LINK' is obsolete.
configure.ac:446: You should run autoupdate.
./lib/autoconf/general.m4:2920: AC_TRY_LINK is expanded from...
lib/m4sugar/m4sh.m4:692: _AS_IF_ELSE is expanded from...
lib/m4sugar/m4sh.m4:699: AS_IF is expanded from...
./lib/autoconf/general.m4:2249: AC_CACHE_VAL is expanded from...
acinclude.m4:3912: FC_CHECK_X_LIB is expanded from...
configure.ac:446: the top level
configure.ac:448: warning: The macro `AC_TRY_LINK' is obsolete.
configure.ac:448: You should run autoupdate.
./lib/autoconf/general.m4:2920: AC_TRY_LINK is expanded from...
lib/m4sugar/m4sh.m4:692: _AS_IF_ELSE is expanded from...
lib/m4sugar/m4sh.m4:699: AS_IF is expanded from...
./lib/autoconf/general.m4:2249: AC_CACHE_VAL is expanded from...
acinclude.m4:3912: FC_CHECK_X_LIB is expanded from...
configure.ac:448: the top level
configure.ac:536: warning: The macro `AC_LANG_C' is obsolete.
configure.ac:536: You should run autoupdate.
./lib/autoconf/c.m4:72: AC_LANG_C is expanded from...
acinclude.m4:428: AM_PATH_ESD is expanded from...
acinclude.m4:3763: FC_CHECK_SOUND is expanded from...
configure.ac:536: the top level
configure.ac:536: warning: The macro `AC_TRY_RUN' is obsolete.
configure.ac:536: You should run autoupdate.
./lib/autoconf/general.m4:2997: AC_TRY_RUN is expanded from...
acinclude.m4:428: AM_PATH_ESD is expanded from...
acinclude.m4:3763: FC_CHECK_SOUND is expanded from...
configure.ac:536: the top level
configure.ac:536: warning: The macro `AC_TRY_LINK' is obsolete.
configure.ac:536: You should run autoupdate.
./lib/autoconf/general.m4:2920: AC_TRY_LINK is expanded from...
acinclude.m4:428: AM_PATH_ESD is expanded from...
acinclude.m4:3763: FC_CHECK_SOUND is expanded from...
configure.ac:536: the top level
configure.ac:536: warning: The macro `AC_TRY_RUN' is obsolete.
configure.ac:536: You should run autoupdate.
./lib/autoconf/general.m4:2997: AC_TRY_RUN is expanded from...
acinclude.m4:3599: AM_PATH_SDL is expanded from...
acinclude.m4:3763: FC_CHECK_SOUND is expanded from...
configure.ac:536: the top level
configure.ac:536: warning: The macro `AC_TRY_LINK' is obsolete.
configure.ac:536: You should run autoupdate.
./lib/autoconf/general.m4:2920: AC_TRY_LINK is expanded from...
acinclude.m4:3599: AM_PATH_SDL is expanded from...
acinclude.m4:3763: FC_CHECK_SOUND is expanded from...
configure.ac:536: the top level
configure.ac:572: warning: back quotes and double quotes must not be escaped in: Did not find readline header file. 
configure.ac:572: You may need to install a readline \"development\" package.
acinclude.m4:3483: FC_HAS_READLINE is expanded from...
configure.ac:572: the top level
configure.ac:572: warning: The macro `AC_TRY_RUN' is obsolete.
configure.ac:572: You should run autoupdate.
./lib/autoconf/general.m4:2997: AC_TRY_RUN is expanded from...
acinclude.m4:3433: FC_CHECK_READLINE_RUNTIME is expanded from...
acinclude.m4:3483: FC_HAS_READLINE is expanded from...
configure.ac:572: the top level
configure.ac:591: warning: back quotes and double quotes must not be escaped in: Specified --with-zlib; zlib found but not zlib.h.  
configure.ac:591: You may need to install a zlib \"development\" package.
configure.ac:602: warning: The macro `AC_HEADER_STDC' is obsolete.
configure.ac:602: You should run autoupdate.
./lib/autoconf/headers.m4:704: AC_HEADER_STDC is expanded from...
configure.ac:602: the top level
configure.ac:622: warning: The macro `AC_HEADER_TIME' is obsolete.
configure.ac:622: You should run autoupdate.
./lib/autoconf/headers.m4:743: AC_HEADER_TIME is expanded from...
configure.ac:622: the top level
configure.ac:626: warning: The macro `AC_TYPE_SIGNAL' is obsolete.
configure.ac:626: You should run autoupdate.
./lib/autoconf/types.m4:776: AC_TYPE_SIGNAL is expanded from...
configure.ac:626: the top level
configure.ac:629: warning: The macro `AC_TRY_RUN' is obsolete.
configure.ac:629: You should run autoupdate.
./lib/autoconf/general.m4:2997: AC_TRY_RUN is expanded from...
lib/m4sugar/m4sh.m4:692: _AS_IF_ELSE is expanded from...
lib/m4sugar/m4sh.m4:699: AS_IF is expanded from...
./lib/autoconf/general.m4:2249: AC_CACHE_VAL is expanded from...
./lib/autoconf/general.m4:2270: AC_CACHE_CHECK is expanded from...
acinclude.m4:3833: AC_FUNC_VSNPRINTF is expanded from...
configure.ac:629: the top level
configure.ac:661: warning: The macro `AC_TRY_COMPILE' is obsolete.
configure.ac:661: You should run autoupdate.
./lib/autoconf/general.m4:2847: AC_TRY_COMPILE is expanded from...
configure.ac:661: the top level
automake: warning: autoconf input should be named 'configure.ac', not 'configure.in'
automake: warning: 'configure.ac' and 'configure.in' both present.
automake: proceeding with 'configure.ac'
configure.ac:41: warning: AM_INIT_AUTOMAKE: two- and three-arguments forms are deprecated.  For more info, see:
configure.ac:41: https://www.gnu.org/software/automake/manual/automake.html#Modernize-AM_005fINIT_005fAUTOMAKE-invocation
ai/Makefile.am:5: warning: 'INCLUDES' is the old name for 'AM_CPPFLAGS' (or '*_CPPFLAGS')
automake: warning: autoconf input should be named 'configure.ac', not 'configure.in'
automake: warning: 'configure.ac' and 'configure.in' both present.
automake: proceeding with 'configure.ac'
client/Makefile.am:136: warning: 'INCLUDES' is the old name for 'AM_CPPFLAGS' (or '*_CPPFLAGS')
client/agents/Makefile.am:7: warning: 'INCLUDES' is the old name for 'AM_CPPFLAGS' (or '*_CPPFLAGS')
client/gui-dos-vbe/Makefile.am:4: warning: 'INCLUDES' is the old name for 'AM_CPPFLAGS' (or '*_CPPFLAGS')
client/gui-gtk-2.0/Makefile.am:4: warning: 'INCLUDES' is the old name for 'AM_CPPFLAGS' (or '*_CPPFLAGS')
client/gui-gtk/Makefile.am:4: warning: 'INCLUDES' is the old name for 'AM_CPPFLAGS' (or '*_CPPFLAGS')
client/gui-stub/Makefile.am:4: warning: 'INCLUDES' is the old name for 'AM_CPPFLAGS' (or '*_CPPFLAGS')
client/gui-win32/Makefile.am:5: warning: 'INCLUDES' is the old name for 'AM_CPPFLAGS' (or '*_CPPFLAGS')
client/gui-xaw/Makefile.am:4: warning: 'INCLUDES' is the old name for 'AM_CPPFLAGS' (or '*_CPPFLAGS')
client/offline/Makefile.am:7: warning: wildcard $(top_srcdir: non-POSIX variable name
client/offline/Makefile.am:7: (probably a GNU make extension)
client/offline/Makefile.am:2: warning: 'INCLUDES' is the old name for 'AM_CPPFLAGS' (or '*_CPPFLAGS')
common/Makefile.am:5: warning: 'INCLUDES' is the old name for 'AM_CPPFLAGS' (or '*_CPPFLAGS')
server/Makefile.am:5: warning: 'INCLUDES' is the old name for 'AM_CPPFLAGS' (or '*_CPPFLAGS')
