make  all-recursive
make[1]: Entering directory '/media/efflixi/Shinra/Dropbox/Dropbox/VS Code Projects/DOSCode/FREECIV/freeciv-1.14.1'
Making all in data
make[2]: Entering directory '/media/efflixi/Shinra/Dropbox/Dropbox/VS Code Projects/DOSCode/FREECIV/freeciv-1.14.1/data'
Making all in misc
make[3]: Entering directory '/media/efflixi/Shinra/Dropbox/Dropbox/VS Code Projects/DOSCode/FREECIV/freeciv-1.14.1/data/misc'
make[3]: Nothing to be done for 'all'.
make[3]: Leaving directory '/media/efflixi/Shinra/Dropbox/Dropbox/VS Code Projects/DOSCode/FREECIV/freeciv-1.14.1/data/misc'
Making all in isotrident
make[3]: Entering directory '/media/efflixi/Shinra/Dropbox/Dropbox/VS Code Projects/DOSCode/FREECIV/freeciv-1.14.1/data/isotrident'
make[3]: Nothing to be done for 'all'.
make[3]: Leaving directory '/media/efflixi/Shinra/Dropbox/Dropbox/VS Code Projects/DOSCode/FREECIV/freeciv-1.14.1/data/isotrident'
Making all in trident
make[3]: Entering directory '/media/efflixi/Shinra/Dropbox/Dropbox/VS Code Projects/DOSCode/FREECIV/freeciv-1.14.1/data/trident'
make[3]: Nothing to be done for 'all'.
make[3]: Leaving directory '/media/efflixi/Shinra/Dropbox/Dropbox/VS Code Projects/DOSCode/FREECIV/freeciv-1.14.1/data/trident'
Making all in default
make[3]: Entering directory '/media/efflixi/Shinra/Dropbox/Dropbox/VS Code Projects/DOSCode/FREECIV/freeciv-1.14.1/data/default'
make[3]: Nothing to be done for 'all'.
make[3]: Leaving directory '/media/efflixi/Shinra/Dropbox/Dropbox/VS Code Projects/DOSCode/FREECIV/freeciv-1.14.1/data/default'
Making all in civ1
make[3]: Entering directory '/media/efflixi/Shinra/Dropbox/Dropbox/VS Code Projects/DOSCode/FREECIV/freeciv-1.14.1/data/civ1'
make[3]: Nothing to be done for 'all'.
make[3]: Leaving directory '/media/efflixi/Shinra/Dropbox/Dropbox/VS Code Projects/DOSCode/FREECIV/freeciv-1.14.1/data/civ1'
Making all in civ2
make[3]: Entering directory '/media/efflixi/Shinra/Dropbox/Dropbox/VS Code Projects/DOSCode/FREECIV/freeciv-1.14.1/data/civ2'
make[3]: Nothing to be done for 'all'.
make[3]: Leaving directory '/media/efflixi/Shinra/Dropbox/Dropbox/VS Code Projects/DOSCode/FREECIV/freeciv-1.14.1/data/civ2'
Making all in scenario
make[3]: Entering directory '/media/efflixi/Shinra/Dropbox/Dropbox/VS Code Projects/DOSCode/FREECIV/freeciv-1.14.1/data/scenario'
make[3]: Nothing to be done for 'all'.
make[3]: Leaving directory '/media/efflixi/Shinra/Dropbox/Dropbox/VS Code Projects/DOSCode/FREECIV/freeciv-1.14.1/data/scenario'
Making all in nation
make[3]: Entering directory '/media/efflixi/Shinra/Dropbox/Dropbox/VS Code Projects/DOSCode/FREECIV/freeciv-1.14.1/data/nation'
make[3]: Nothing to be done for 'all'.
make[3]: Leaving directory '/media/efflixi/Shinra/Dropbox/Dropbox/VS Code Projects/DOSCode/FREECIV/freeciv-1.14.1/data/nation'
Making all in history
make[3]: Entering directory '/media/efflixi/Shinra/Dropbox/Dropbox/VS Code Projects/DOSCode/FREECIV/freeciv-1.14.1/data/history'
make[3]: Nothing to be done for 'all'.
make[3]: Leaving directory '/media/efflixi/Shinra/Dropbox/Dropbox/VS Code Projects/DOSCode/FREECIV/freeciv-1.14.1/data/history'
make[3]: Entering directory '/media/efflixi/Shinra/Dropbox/Dropbox/VS Code Projects/DOSCode/FREECIV/freeciv-1.14.1/data'
make[3]: Nothing to be done for 'all-am'.
make[3]: Leaving directory '/media/efflixi/Shinra/Dropbox/Dropbox/VS Code Projects/DOSCode/FREECIV/freeciv-1.14.1/data'
make[2]: Leaving directory '/media/efflixi/Shinra/Dropbox/Dropbox/VS Code Projects/DOSCode/FREECIV/freeciv-1.14.1/data'
Making all in intl
make[2]: Entering directory '/media/efflixi/Shinra/Dropbox/Dropbox/VS Code Projects/DOSCode/FREECIV/freeciv-1.14.1/intl'
make[2]: Nothing to be done for 'all'.
make[2]: Leaving directory '/media/efflixi/Shinra/Dropbox/Dropbox/VS Code Projects/DOSCode/FREECIV/freeciv-1.14.1/intl'
Making all in common
make[2]: Entering directory '/media/efflixi/Shinra/Dropbox/Dropbox/VS Code Projects/DOSCode/FREECIV/freeciv-1.14.1/common'
make[2]: Nothing to be done for 'all'.
make[2]: Leaving directory '/media/efflixi/Shinra/Dropbox/Dropbox/VS Code Projects/DOSCode/FREECIV/freeciv-1.14.1/common'
Making all in client
make[2]: Entering directory '/media/efflixi/Shinra/Dropbox/Dropbox/VS Code Projects/DOSCode/FREECIV/freeciv-1.14.1/client'
Making all in gui-dos-vbe
make[3]: Entering directory '/media/efflixi/Shinra/Dropbox/Dropbox/VS Code Projects/DOSCode/FREECIV/freeciv-1.14.1/client/gui-dos-vbe'
rm -f libguiclient.a
i586-pc-msdosdjgpp-ar  libguiclient.a  
i586-pc-msdosdjgpp-ar: invalid option -- 'g'
Usage: i586-pc-msdosdjgpp-ar [emulation options] [-]{dmpqrstx}[abcDfilMNoPsSTuvV] [--plugin <name>] [member-name] [count] archive-file file...
       i586-pc-msdosdjgpp-ar -M [<mri-script]
 commands:
  d            - delete file(s) from the archive
  m[ab]        - move file(s) in the archive
  p            - print file(s) found in the archive
  q[f]         - quick append file(s) to the archive
  r[ab][f][u]  - replace existing or insert new file(s) into the archive
  s            - act as ranlib
  t            - display contents of archive
  x[o]         - extract file(s) from the archive
 command specific modifiers:
  [a]          - put file(s) after [member-name]
  [b]          - put file(s) before [member-name] (same as [i])
  [D]          - use zero for timestamps and uids/gids
  [U]          - use actual timestamps and uids/gids (default)
  [N]          - use instance [count] of name
  [f]          - truncate inserted file names
  [P]          - use full path names when matching
  [o]          - preserve original dates
  [u]          - only replace files that are newer than current archive contents
 generic modifiers:
  [c]          - do not warn if the library had to be created
  [s]          - create an archive index (cf. ranlib)
  [S]          - do not build a symbol table
  [T]          - make a thin archive
  [v]          - be verbose
  [V]          - display the version number
  @<file>      - read options from <file>
  --target=BFDNAME - specify the target object format as BFDNAME
 optional:
  --plugin <p> - load the specified plugin
 emulation options: 
  No emulation specific options
i586-pc-msdosdjgpp-ar: supported targets: coff-go32 coff-go32-exe a.out-i386 plugin srec symbolsrec verilog tekhex binary ihex
make[3]: *** [Makefile:598: libguiclient.a] Error 1
make[3]: Leaving directory '/media/efflixi/Shinra/Dropbox/Dropbox/VS Code Projects/DOSCode/FREECIV/freeciv-1.14.1/client/gui-dos-vbe'
make[2]: *** [Makefile:682: all-recursive] Error 1
make[2]: Leaving directory '/media/efflixi/Shinra/Dropbox/Dropbox/VS Code Projects/DOSCode/FREECIV/freeciv-1.14.1/client'
make[1]: *** [Makefile:489: all-recursive] Error 1
make[1]: Leaving directory '/media/efflixi/Shinra/Dropbox/Dropbox/VS Code Projects/DOSCode/FREECIV/freeciv-1.14.1'
make: *** [Makefile:426: all] Error 2
